#-----------------------------------------------------------
# Webtalk v2019.1.1 (64-bit)
# SW Build 2580384 on Sat Jun 29 08:12:21 MDT 2019
# IP Build 2579722 on Sat Jun 29 11:35:40 MDT 2019
# Start of session at: Tue Dec 10 16:48:08 2019
# Process ID: 16280
# Current directory: C:/hlocal/Practica6/MIPSMulticiclo_R3yModoDepuracion.sim/sim_1/impl/timing/xsim
# Command line: wbtcv.exe -mode batch -source C:/hlocal/Practica6/MIPSMulticiclo_R3yModoDepuracion.sim/sim_1/impl/timing/xsim/xsim.dir/TestBenchMIPSMulticiclo_time_impl/webtalk/xsim_webtalk.tcl -notrace
# Log file: C:/hlocal/Practica6/MIPSMulticiclo_R3yModoDepuracion.sim/sim_1/impl/timing/xsim/webtalk.log
# Journal file: C:/hlocal/Practica6/MIPSMulticiclo_R3yModoDepuracion.sim/sim_1/impl/timing/xsim\webtalk.jou
#-----------------------------------------------------------
source C:/hlocal/Practica6/MIPSMulticiclo_R3yModoDepuracion.sim/sim_1/impl/timing/xsim/xsim.dir/TestBenchMIPSMulticiclo_time_impl/webtalk/xsim_webtalk.tcl -notrace
